../Core/Src/main.c:84:6:HAL_TIM_IC_CaptureCallback	16	static
../Core/Src/main.c:108:6:HAL_UART_RxCpltCallback	16	static
../Core/Src/main.c:117:6:IMU	56	static
../Core/Src/main.c:153:6:HAL_TIM_PeriodElapsedCallback	64	static
../Core/Src/main.c:213:5:main	8	static
../Core/Src/main.c:282:6:SystemClock_Config	88	static
../Core/Src/main.c:329:13:MX_TIM1_Init	112	static
../Core/Src/main.c:416:13:MX_TIM2_Init	56	static
../Core/Src/main.c:465:13:MX_TIM3_Init	56	static
../Core/Src/main.c:514:13:MX_TIM4_Init	56	static
../Core/Src/main.c:563:13:MX_TIM5_Init	56	static
../Core/Src/main.c:612:13:MX_TIM9_Init	24	static
../Core/Src/main.c:650:13:MX_USART1_UART_Init	8	static
../Core/Src/main.c:683:13:MX_USART2_UART_Init	8	static
../Core/Src/main.c:716:13:MX_USART6_UART_Init	8	static
../Core/Src/main.c:749:13:MX_GPIO_Init	48	static
../Core/Src/main.c:785:6:Error_Handler	4	static,ignoring_inline_asm
