../Core/Src/main.c:95:6:HAL_UART_RxCpltCallback	24	static
../Core/Src/main.c:145:6:HAL_TIM_PeriodElapsedCallback	24	static
../Core/Src/main.c:199:5:main	8	static
../Core/Src/main.c:258:6:SystemClock_Config	88	static
../Core/Src/main.c:305:13:MX_TIM1_Init	96	static
../Core/Src/main.c:379:13:MX_USART1_UART_Init	8	static
../Core/Src/main.c:412:13:MX_USART2_UART_Init	8	static
../Core/Src/main.c:445:13:MX_USART6_UART_Init	8	static
../Core/Src/main.c:476:13:MX_DMA_Init	16	static
../Core/Src/main.c:501:13:MX_GPIO_Init	48	static
../Core/Src/main.c:537:6:Error_Handler	4	static,ignoring_inline_asm
