../Core/Src/main.c:93:6:HAL_UART_RxCpltCallback	24	static
../Core/Src/main.c:143:6:HAL_TIM_PeriodElapsedCallback	24	static
../Core/Src/main.c:179:5:main	8	static
../Core/Src/main.c:237:6:SystemClock_Config	88	static
../Core/Src/main.c:284:13:MX_TIM1_Init	32	static
../Core/Src/main.c:330:13:MX_USART1_UART_Init	8	static
../Core/Src/main.c:363:13:MX_USART2_UART_Init	8	static
../Core/Src/main.c:396:13:MX_USART6_UART_Init	8	static
../Core/Src/main.c:427:13:MX_DMA_Init	16	static
../Core/Src/main.c:449:13:MX_GPIO_Init	48	static
../Core/Src/main.c:485:6:Error_Handler	4	static,ignoring_inline_asm
